/Users/sunhao/Documents/graduation-project/manager/src/main/java/cn/edu/jnu/dao/UserMapper.java
/Users/sunhao/Documents/graduation-project/manager/src/main/java/cn/edu/jnu/utils/HtmlAnalysis.java
/Users/sunhao/Documents/graduation-project/manager/src/main/java/cn/edu/jnu/entity/Action.java
/Users/sunhao/Documents/graduation-project/manager/src/main/java/cn/edu/jnu/entity/ArticleComment.java
/Users/sunhao/Documents/graduation-project/manager/src/main/java/cn/edu/jnu/config/LoginConfiguration.java
/Users/sunhao/Documents/graduation-project/manager/src/main/java/cn/edu/jnu/dao/ArticleCommentMapper.java
/Users/sunhao/Documents/graduation-project/manager/src/main/java/cn/edu/jnu/config/DataSourceConfig.java
/Users/sunhao/Documents/graduation-project/manager/src/main/java/cn/edu/jnu/service/impl/DeleteServiceImpl.java
/Users/sunhao/Documents/graduation-project/manager/src/main/java/cn/edu/jnu/service/SelectService.java
/Users/sunhao/Documents/graduation-project/manager/src/main/java/cn/edu/jnu/Application.java
/Users/sunhao/Documents/graduation-project/manager/src/main/java/cn/edu/jnu/entity/File.java
/Users/sunhao/Documents/graduation-project/manager/src/main/java/cn/edu/jnu/dao/ActionMapper.java
/Users/sunhao/Documents/graduation-project/manager/src/main/java/cn/edu/jnu/service/DeleteService.java
/Users/sunhao/Documents/graduation-project/manager/src/main/java/cn/edu/jnu/service/impl/SelectServiceImpl.java
/Users/sunhao/Documents/graduation-project/manager/src/main/java/cn/edu/jnu/entity/User.java
/Users/sunhao/Documents/graduation-project/manager/src/main/java/cn/edu/jnu/dao/AdminMapper.java
/Users/sunhao/Documents/graduation-project/manager/src/main/java/cn/edu/jnu/entity/OptRecord.java
/Users/sunhao/Documents/graduation-project/manager/src/main/java/cn/edu/jnu/dao/LikeRecordMapper.java
/Users/sunhao/Documents/graduation-project/manager/src/main/java/cn/edu/jnu/dao/OptRecordMapper.java
/Users/sunhao/Documents/graduation-project/manager/src/main/java/cn/edu/jnu/dao/FileMapper.java
/Users/sunhao/Documents/graduation-project/manager/src/main/java/cn/edu/jnu/controller/FileController.java
/Users/sunhao/Documents/graduation-project/manager/src/main/java/cn/edu/jnu/entity/Admin.java
/Users/sunhao/Documents/graduation-project/manager/src/main/java/cn/edu/jnu/service/impl/UpdateServiceImpl.java
/Users/sunhao/Documents/graduation-project/manager/src/main/java/cn/edu/jnu/config/CorsConfig.java
/Users/sunhao/Documents/graduation-project/manager/src/main/java/cn/edu/jnu/config/interceptor/LoginInterceptor.java
/Users/sunhao/Documents/graduation-project/manager/src/main/java/cn/edu/jnu/controller/AdminController.java
/Users/sunhao/Documents/graduation-project/manager/src/main/java/cn/edu/jnu/controller/OptController.java
/Users/sunhao/Documents/graduation-project/manager/src/main/java/cn/edu/jnu/service/UpdateService.java
/Users/sunhao/Documents/graduation-project/manager/src/main/java/cn/edu/jnu/entity/TempRequest.java
/Users/sunhao/Documents/graduation-project/manager/src/main/java/cn/edu/jnu/entity/Article.java
/Users/sunhao/Documents/graduation-project/manager/src/main/java/cn/edu/jnu/entity/LikeRecord.java
/Users/sunhao/Documents/graduation-project/manager/src/main/java/cn/edu/jnu/dao/ArticleMapper.java
