cn/edu/jnu/dao/AdminMapper.class
cn/edu/jnu/service/impl/DeleteServiceImpl.class
cn/edu/jnu/service/impl/SelectServiceImpl.class
cn/edu/jnu/config/DataSourceConfig.class
cn/edu/jnu/controller/OptController$2.class
cn/edu/jnu/entity/Admin.class
cn/edu/jnu/controller/FileController.class
cn/edu/jnu/entity/Article.class
cn/edu/jnu/Application.class
cn/edu/jnu/controller/AdminController.class
cn/edu/jnu/dao/UserMapper.class
cn/edu/jnu/utils/HtmlAnalysis.class
cn/edu/jnu/service/SelectService.class
cn/edu/jnu/dao/FileMapper.class
cn/edu/jnu/config/CorsConfig.class
cn/edu/jnu/dao/ArticleMapper.class
cn/edu/jnu/entity/File.class
cn/edu/jnu/controller/OptController$1.class
cn/edu/jnu/entity/ArticleComment.class
cn/edu/jnu/controller/OptController.class
cn/edu/jnu/service/impl/UpdateServiceImpl.class
cn/edu/jnu/dao/ActionMapper.class
cn/edu/jnu/dao/ArticleCommentMapper.class
cn/edu/jnu/entity/TempRequest.class
cn/edu/jnu/entity/User.class
cn/edu/jnu/entity/LikeRecord.class
cn/edu/jnu/entity/OptRecord.class
cn/edu/jnu/service/DeleteService.class
cn/edu/jnu/dao/OptRecordMapper.class
cn/edu/jnu/dao/LikeRecordMapper.class
cn/edu/jnu/service/UpdateService.class
cn/edu/jnu/entity/Action.class
